// Vitest Snapshot v1, https://vitest.dev/guide/snapshot.html

exports[`generateLocalContent snapshot > summarizes words deterministically 1`] = `
[
  "dog -> emoji:🐕 | 🦧, 🐟",
  "cat -> emoji:🐈 | 🦖, 🦊",
  "fish -> emoji:🐟 | 🐞, 🐦‍⬛",
  "horse -> emoji:🐎 | 🪽, 🐹",
  "animal -> null",
  "pet -> emoji:🐕 | 🦧, 🐟",
  "cow -> emoji:🐄 | 🐎, 🦀",
  "lion -> emoji:🦁 | 🦨, 🐵",
  "elephant -> emoji:🐘 | 🐌, 🐢",
  "duck -> emoji:🦆 | 🐲, 🦏",
  "rabbit -> emoji:🐇 | 🪼, 🦟",
  "monkey -> emoji:🐒 | 🐧, 🦫",
  "pig -> emoji:🐖 | 🦭, 🐐",
  "sheep -> emoji:🐏 | 🐉, 🐻‍❄️",
  "ram -> emoji:🐏 | 🐉, 🐻‍❄️",
  "ewe -> emoji:🐑 | 🦄, 🦐",
  "goat -> emoji:🐐 | 🐕, 🦂",
  "chicken -> emoji:🐔 | 🐕‍🦺, 🐯",
  "rooster -> emoji:🐓 | 🦗, 🐚",
  "bird -> emoji:🐦 | 🦁, 🐧",
  "frog -> emoji:🐸 | 🐝, 🐓",
  "turtle -> emoji:🐢 | 🦥, 🐦‍🔥",
  "snake -> emoji:🐍 | 🐙, 🦠",
  "bear -> emoji:🐻 | 🐞, 🦩",
  "tiger -> emoji:🐅 | 🐦‍🔥, 🦀",
  "zebra -> emoji:🦓 | 🐇, 🐕‍🦺",
  "giraffe -> emoji:🦒 | 🪼, 🦖",
  "dolphin -> emoji:🐬 | 🐵, 🦅",
  "shark -> emoji:🦈 | 🐷, 🐹",
  "octopus -> emoji:🐙 | 🦈, 🦟",
  "butterfly -> emoji:🦋 | 🫍, 🐂",
  "bee -> emoji:🐝 | 🐵, 🐌",
  "ladybug -> emoji:🐞 | 🐪, 🐻",
  "person -> emoji:🧑 | 👩‍🚒, 🧑‍🦰",
  "people -> null",
  "man -> emoji:👨 | 🧏‍♀️, 👳‍♀️",
  "woman -> emoji:👩 | 🤴, 👨‍✈️",
  "child -> emoji:🧒 | 🤵‍♂️, 🙎‍♂️",
  "children -> emoji:👶 | 🧑‍🚀, 🙇‍♂️",
  "baby -> emoji:👶 | 🧑‍🚀, 🙇‍♂️",
  "boy -> emoji:👦 | 🤵‍♂️, 🙎‍♂️",
  "girl -> emoji:👧 | 🤵‍♂️, 🙎‍♂️",
  "mother -> emoji:👩‍🍼 | 👩‍⚖️, 👨‍🔬",
  "father -> emoji:👨‍🍼 | 👩‍⚖️, 👨‍🔬",
  "wife -> null",
  "son -> emoji:👦 | 🤵‍♂️, 🙎‍♂️",
  "family -> null",
  "friend -> null",
  "friends -> null",
  "guy -> null",
  "king -> emoji:🤴 | 🕵️‍♂️, 🧑‍🎤",
  "player -> emoji:⛹️‍♂️ | 🧑🏿‍🫯‍🧑🏽, 🏐",
  "artist -> emoji:🧑‍🎨 | 👰‍♂️, 👳‍♀️",
  "manager -> emoji:🧑‍💼 | 🤵‍♀️, 👨‍🚒",
  "officer -> emoji:👮 | 👨, 👨‍🔧",
  "driver -> null",
  "worker -> emoji:🧑‍🏭 | 👨‍🍳, 👨‍🦲",
  "student -> emoji:🧑‍🎓 | 👳‍♂️, 🛀",
  "teacher -> emoji:🧑‍🏫 | 👨‍⚖️, 👨‍🌾",
  "body -> emoji:💀 | 💤, 😱",
  "hand -> null",
  "hands -> emoji:🤗 | 🙁, 😟",
  "head -> emoji:🤯 | ❤️‍🩹, 🤮",
  "face -> null",
  "eye -> emoji:👁️ | 🧑‍🎨, 👴",
  "eyes -> emoji:👀 | 🧑‍🎨, 👴",
  "heart -> null",
  "blood -> emoji:🩸 | 📡, 🧫",
  "skin -> null",
  "hair -> emoji:🪮 | ⛑️, 🎓",
  "foot -> emoji:🦶 | 💂‍♂️, 🧏‍♀️",
  "ear -> emoji:👂 | 👨‍💼, 👳",
  "nose -> emoji:👃 | 🧑‍🎨, 👴",
  "mouth -> emoji:👄 | 🦾, 🧑‍🦲",
  "tooth -> emoji:🦷 | 👰‍♂️, 🙍‍♂️",
  "food -> emoji:🥫 | 🥮, 🍦",
  "water -> emoji:🚰 | ⤴️, 📛",
  "coffee -> emoji:☕ | 🫗, 🍾",
  "wine -> emoji:🍷 | 🍾, 🧋",
  "ice -> emoji:🧊 | 🍹, 🍶",
  "egg -> emoji:🥚 | 🫓, 🥨",
  "milk -> emoji:🐐 | 🐕, 🦂",
  "juice -> emoji:🧃 | 🍸, 🍼",
  "pizza -> emoji:🍕 | 🍩, 🍪",
  "ice cream -> emoji:🍨 | 🥪, 🥩",
  "cake -> emoji:🎂 | 🌮, 🍡",
  "cookie -> emoji:🍪 | 🥖, 🍚",
  "bread -> emoji:🍞 | 🍛, 🥘",
  "cheese -> emoji:🧀 | 🥯, 🍖",
  "hamburger -> emoji:🍔 | 🥚, 🍫",
  "hot dog -> emoji:🌭 | 🫔, 🍩",
  "fries -> emoji:🍟 | 🍫, 🧂",
  "doughnut -> emoji:🍩 | 🫓, 🥨",
  "donut -> emoji:🍩 | 🫓, 🥨",
  "noodle -> emoji:🍜 | 🍘, 🫔",
  "rice -> emoji:🍛 | 🍯, 🍤",
  "soup -> emoji:🍜 | 🍘, 🫔",
  "salad -> emoji:🥗 | 🫔, 🥧",
  "sandwich -> emoji:🥪 | 🍛, 🥘",
  "apple -> emoji:🍏 | 🍉, 🥝",
  "banana -> emoji:🍌 | 🍋‍🟩, 🍏",
  "orange -> color:orange | gray, aqua",
  "grapes -> emoji:🍇 | 🍊, 🥭",
  "watermelon -> emoji:🍉 | 🍇, 🥥",
  "cherry -> emoji:🌸 | ☘️, 🪴",
  "strawberry -> emoji:🍓 | 🍑, 🍈",
  "lemon -> emoji:🍋 | 🥭, 🥥",
  "pear -> emoji:🍐 | 🍊, 🍉",
  "peach -> emoji:🍑 | 🍇, 🍈",
  "carrot -> emoji:🥕 | 🧄, 🧅",
  "corn -> emoji:🌽 | 🌶️, 🥜",
  "potato -> emoji:🥔 | 🧄, 🧅",
  "tomato -> emoji:🍅 | 🍋‍🟩, 🍒",
  "broccoli -> emoji:🥦 | 🥒, 🥜",
  "cucumber -> emoji:🥒 | 🧄, 🧅",
  "sun -> emoji:☀️ | 🌖, 🌒",
  "star -> emoji:⭐ | 🌠, 🌌",
  "moon -> emoji:🌙 | ⛄, ☄️",
  "fire -> emoji:🔥 | 🌗, ⭐",
  "air -> emoji:🪟 | 🖱️, 🫙",
  "light -> emoji:💡 | 🏅, 💻",
  "tree -> emoji:🌴 | 🌾, 🌺",
  "plant -> emoji:🪴 | 🍃, 🪾",
  "earth -> null",
  "world -> null",
  "nature -> null",
  "weather -> emoji:🌫️ | ⛱️, 🌑",
  "rain -> emoji:🌧️ | ☃️, 🔥",
  "snow -> emoji:🌨️ | 🌂, 🌛",
  "wind -> emoji:🎐 | 🎏, 🎗️",
  "cloud -> emoji:☁️ | ☃️, 🌤️",
  "sky -> emoji:🩵 | 🤯, 😟",
  "sea -> emoji:🪸 | 🐶, 🐦‍⬛",
  "river -> null",
  "lake -> null",
  "ocean -> emoji:🪸 | 🐶, 🐦‍⬛",
  "island -> emoji:🏝️ | 🕍, 🌃",
  "beach -> emoji:🌴 | 🌾, 🌺",
  "mountain -> emoji:⛰️ | 🏝️, 🏯",
  "forest -> emoji:🌲 | 🌾, 🌺",
  "garden -> emoji:🏡 | 🌄, 🗽",
  "wood -> emoji:🪵 | ⛰️, 🏝️",
  "stone -> emoji:💎 | 🥻, 🪖",
  "rock -> emoji:🪨 | 🗻, 🎪",
  "land -> null",
  "ground -> emoji:⛱️ | ☃️, 🔥",
  "wave -> emoji:🌊 | 🌠, 🌘",
  "rainbow -> emoji:🌈 | ☃️, 🔥",
  "snowman -> emoji:☃️ | 🌂, 🌛",
  "home -> emoji:🏠 | 🌄, 🗽",
  "house -> emoji:🏠 | 🌄, 🗽",
  "hotel -> emoji:🏨 | 🧳, 🏚️",
  "school -> emoji:🏫 | 🏡, 🏟️",
  "office -> emoji:🏤 | 🏜️, 🕋",
  "church -> emoji:⛪ | 🏩, 🏞️",
  "hospital -> emoji:🏥 | 🏫, 🏤",
  "university -> null",
  "college -> null",
  "library -> emoji:📚 | 🔖, 📜",
  "museum -> null",
  "restaurant -> emoji:🍳 | 🥮, 🥟",
  "store -> emoji:🏪 | 🎢, 🌁",
  "shop -> null",
  "market -> emoji:💹 | 🧼, 🧺",
  "bank -> emoji:🏦 | 🪵, 🏣",
  "station -> emoji:🚉 | 🚜, 🚛",
  "airport -> null",
  "park -> emoji:🏞️ | 🌋, ⛲",
  "city -> emoji:🏢 | 🏔️, 🛎️",
  "town -> null",
  "village -> null",
  "country -> emoji:🏠 | 🌄, 🗽",
  "state -> null",
  "street -> null",
  "road -> emoji:🛣️ | 🚗, 🛬",
  "building -> emoji:🏗️ | 🛘, 🌉",
  "room -> emoji:🚹 | 🅰️, ♏",
  "door -> emoji:🚪 | 📨, 🔒",
  "window -> emoji:🪟 | 🖱️, 🫙",
  "floor -> emoji:🤣 | 🫯, 🫢",
  "wall -> emoji:🧱 | 🪵, 🌆",
  "kitchen -> emoji:🔪 | 🚿, 🪦",
  "bed -> emoji:🛏️ | 🔪, 📠",
  "pool -> emoji:🎱 | ♟️, 🎲",
  "car -> emoji:🏎️ | 🚓, 🚟",
  "bus -> emoji:🚌 | 🚚, 🛺",
  "ship -> emoji:🚢 | 🚝, 🛻",
  "train -> emoji:🚆 | 💺, 🚥",
  "truck -> emoji:🛻 | 🚃, 🚔",
  "plane -> emoji:✈️ | ⛽, 🚇",
  "boat -> emoji:🚢 | 🚝, 🛻",
  "bicycle -> emoji:🚲 | 🚇, 🚁",
  "helicopter -> emoji:🚁 | 🛴, 🛢️",
  "airplane -> emoji:✈️ | ⛽, 🚇",
  "motorcycle -> emoji:🏍️ | 🚎, 🚑",
  "scooter -> emoji:🛵 | 🏎️, 🚛",
  "tractor -> emoji:🚜 | 🚲, 🚟",
  "ambulance -> emoji:🚑 | 🛬, 🛑",
  "fire truck -> null",
  "police car -> emoji:🚓 | 🚡, 🛑",
  "rocket -> emoji:🚀 | 🛴, 🚛",
  "subway -> emoji:🚇 | 🛤️, 🚅",
  "phone -> emoji:☎️ | 🪒, 🔪",
  "computer -> emoji:🖥️ | 🎥, 🔪",
  "camera -> emoji:📷 | 🪟, 📱",
  "video -> emoji:📹 | 🪟, 📱",
  "tv -> emoji:📺 | 🧮, 📞",
  "radio -> emoji:📻 | 🎶, 🪘",
  "screen -> null",
  "book -> emoji:📚 | 🔖, 📜",
  "paper -> emoji:📰 | 📂, 🖇️",
  "card -> emoji:💳 | 📸, 🫧",
  "letter -> emoji:💌 | 💋, 🤒",
  "box -> emoji:🥡 | 🥙, 🍟",
  "bag -> emoji:🧳 | 🏟️, 🏗️",
  "cup -> emoji:🥤 | 🍻, 🍼",
  "glass -> emoji:🍷 | 🍾, 🧋",
  "bottle -> emoji:🧴 | 📤, 📫",
  "plate -> emoji:🍽️ | 🏅, 💹",
  "table -> emoji:🏓 | 👨🏽‍🫯‍👨🏿, 🏋️",
  "chair -> emoji:🪑 | 🧮, 🔎",
  "clock -> emoji:⏲️ | 🕐, 🕛",
  "watch -> emoji:⌚ | 🕢, 🕙",
  "key -> emoji:🔑 | 🪦, 📧",
  "ring -> emoji:💍 | 🥻, 🪖",
  "ball -> emoji:⛹️‍♂️ | 🧑🏿‍🫯‍🧑🏽, 🏐",
  "game -> emoji:🎮 | 🔫, ♠️",
  "toy -> emoji:🧸 | 🎰, 🪁",
  "gift -> emoji:🎁 | 🎋, 🧨",
  "money -> emoji:💰 | 🛒, 🧾",
  "dollar -> emoji:💵 | 🥈, 📸",
  "tool -> emoji:⚙️ | ⛓️‍💥, 🪏",
  "equipment -> null",
  "machine -> emoji:🎰 | ♠️, ♣️",
  "engine -> emoji:🚒 | 🛰️, 🛹",
  "battery -> emoji:🔋 | 🪪, ✉️",
  "lamp -> emoji:🪔 | 🧼, 🚽",
  "candle -> emoji:🕯️ | 📷, 🥉",
  "shoes -> emoji:🩰 | 🧢, 🕶️",
  "shirt -> emoji:🎽 | 👨🏽‍🫯‍👨🏼, 🏋️‍♀️",
  "dress -> emoji:👗 | 🧢, 🧤",
  "hat -> emoji:🎩 | 👢, 🩱",
  "jacket -> emoji:🧥 | 💎, 🩳",
  "coat -> emoji:🧥 | 💎, 🩳",
  "pants -> emoji:👖 | 👙, 👠",
  "jeans -> emoji:👖 | 👙, 👠",
  "fashion -> emoji:👠 | 🎓, 🪭",
  "gold -> color:gold | magenta, purple",
  "silver -> color:silver | gold, black",
  "metal -> emoji:🪙 | 🥢, 🧷",
  "steel -> null",
  "wood -> emoji:🪵 | ⛰️, 🏝️",
  "leather -> null",
  "plastic -> null",
  "glass -> emoji:🍷 | 🍾, 🧋",
  "oil -> emoji:🛢️ | 🚄, 🚆",
  "gas -> emoji:⛽ | 🚗, 🚅",
  "black -> color:black | blue, gold",
  "white -> color:white | gold, black",
  "red -> color:red | gray, aqua",
  "blue -> color:blue | olive, orange",
  "green -> color:green | orange, aqua",
  "yellow -> color:yellow | magenta, purple",
  "pink -> color:pink | gray, aqua",
  "brown -> color:brown | navy, green",
  "orange -> color:orange | gray, aqua",
  "purple -> color:purple | black, maroon",
  "gray -> color:gray | blue, gold",
  "rojo -> color:red | gray, aqua",
  "azul -> color:blue | olive, orange",
  "verde -> color:green | orange, aqua",
  "circle -> emoji:⚫ | 🔻, 🔷",
  "square -> emoji:🟩 | ⚫, 🟣",
  "triangle -> emoji:📐 | 📋, 📓",
  "diamond -> emoji:🔹 | ⚪, 🟥",
  "rectangle -> null",
  "oval -> null",
  "hexagon -> null",
  "octagon -> null",
  "time -> emoji:🕐 | 🕥, 🕖",
  "day -> emoji:🌞 | 🌖, 🌒",
  "week -> null",
  "month -> null",
  "year -> null",
  "hour -> null",
  "minute -> null",
  "night -> emoji:🌃 | 🌁, 🏚️",
  "morning -> emoji:🌅 | ⛪, 🏫",
  "summer -> null",
  "winter -> emoji:🪾 | 🌿, 🪴",
  "spring -> emoji:🌸 | ☘️, 🪴",
  "fall -> emoji:🍂 | 🍄, 🪺",
  "holiday -> null",
  "christmas -> emoji:🎄 | 🎍, 🎐",
  "birthday -> emoji:🎂 | 🌮, 🍡",
  "halloween -> emoji:🧟 | 🧚‍♀️, 🧜‍♀️",
  "wedding -> emoji:💒 | 🏩, 🏞️",
  "love -> emoji:💌 | 💋, 🤒",
  "happy -> emoji:☺️ | 😘, 🤩",
  "fun -> null",
  "peace -> emoji:☮️ | 🆚, ⬆️",
  "hope -> null",
  "death -> emoji:💀 | 💤, 😱",
  "pain -> emoji:🥲 | 😡, 🫤",
  "sad -> emoji:😥 | 🤯, 🥴",
  "angry -> emoji:😠 | ☹️, 😢",
  "scared -> emoji:😨 | 😮, 😎",
  "surprised -> emoji:😟 | 🥰, 😂",
  "sleepy -> emoji:😪 | 🗨️, 💕",
  "excited -> null",
  "worried -> emoji:😟 | 🥰, 😂",
  "crying -> emoji:😢 | 🩶, 🗨️",
  "smile -> emoji:☺️ | 😘, 🤩",
  "smiling face -> null",
  "cry -> emoji:😭 | 😀, ☠️",
  "crying face -> null",
  "loudly crying face -> null",
  "fearful face -> null",
  "worried face -> null",
  "partying face -> null",
  "star-struck -> emoji:🤩 | 😜, 😟",
  "United States -> emoji:🇺🇸 | 🇲🇩, 🇦🇸",
  "United Kingdom -> emoji:🇬🇧 | 🇯🇪, 🇺🇸",
  "America -> null",
  "Canada -> emoji:🇨🇦 | 🇹🇻, 🇰🇮",
  "Australia -> emoji:🇦🇺 | 🇧🇿, 🇲🇷",
  "Japan -> emoji:🇯🇵 | 🇸🇱, 🇮🇳",
  "China -> emoji:🇨🇳 | 🇰🇾, 🇨🇼",
  "India -> emoji:🇮🇳 | 🇸🇯, 🇨🇲",
  "Mexico -> emoji:🇲🇽 | 🇬🇪, 🇮🇸",
  "France -> emoji:🇫🇷 | 🇸🇸, 🇲🇰",
  "Germany -> emoji:🇩🇪 | 🇹🇹, 🇰🇼",
  "Italy -> emoji:🇮🇹 | 🇰🇷, 🇬🇾",
  "Spain -> emoji:🇪🇸 | 🇬🇾, 🇧🇷",
  "England -> null",
  "Ireland -> emoji:🇮🇪 | 🇸🇾, 🇵🇰",
  "sport -> emoji:🚙 | 🚓, 🛤️",
  "sports -> emoji:🏅 | 💵, 🛏️",
  "football -> emoji:🏉 | 👨🏻‍🫯‍👨🏽, 🥋",
  "golf -> emoji:🏌️‍♂️ | 👩🏻‍🫯‍👩🏿, ⛸️",
  "basketball -> emoji:🏀 | 👨🏼‍🫯‍👨🏽, 🤾‍♀️",
  "baseball -> emoji:⚾ | 👨🏽‍🫯‍👨🏾, 🤹‍♀️",
  "soccer -> emoji:⚽ | 👨🏻‍🫯‍👨🏽, 🥋",
  "tennis -> emoji:🎾 | 🧑🏻‍🫯‍🧑🏾, ⛹️",
  "volleyball -> emoji:🏐 | 🚴‍♂️, 👩🏽‍🫯‍👩🏾",
  "swimming -> emoji:🏊‍♀️ | 🧑🏾‍🫯‍🧑🏽, 👩🏿‍🫯‍👩🏼",
  "running -> emoji:👟 | 🪭, 🦺",
  "fishing -> emoji:🐟 | 🐞, 🐦‍⬛",
  "dance -> emoji:🩰 | 🧢, 🕶️",
  "doctor -> emoji:🏥 | 🏫, 🏤",
  "health worker -> emoji:🧑‍⚕️ | 👵, 🙆‍♀️",
  "police officer -> emoji:👮 | 👨, 👨‍🔧",
  "firefighter -> emoji:🧑‍🚒 | 🧑‍🦱, 👨‍🏭",
  "pilot -> emoji:🧑‍✈️ | 👨‍🦲, 👩‍🚀",
  "cook -> emoji:🧑‍🍳 | 🙍, 👨‍🦳",
  "artist -> emoji:🧑‍🎨 | 👰‍♂️, 👳‍♀️",
  "manager -> emoji:🧑‍💼 | 🤵‍♀️, 👨‍🚒",
  "president -> null",
  "director -> null",
  "author -> null",
  "agent -> null",
  "judge -> emoji:🧑‍⚖️ | 👨, 👨‍🔧",
  "lawyer -> null",
  "nurse -> emoji:👩‍⚕️ | 👵, 🙆‍♀️",
  "scientist -> emoji:🧑‍🔬 | 🧔‍♀️, 🧑‍🍼",
  "farmer -> emoji:🧑‍🌾 | 🤦‍♂️, 👨‍💻",
  "party -> emoji:🎉 | 🧨, 🎎",
  "event -> null",
  "show -> null",
  "movie -> emoji:🎥 | 📩, 🪎",
  "film -> emoji:🎦 | 🔜, ↗️",
  "music -> emoji:🎸 | 🎵, 📯",
  "song -> null",
  "news -> emoji:📰 | 📂, 🖇️",
  "art -> emoji:🎭 | 🧵, 🧶",
  "photo -> emoji:📷 | 🪟, 📱",
  "picture -> emoji:🖼️ | 🧵, 🧶",
  "balloon -> emoji:🎈 | 🧨, 🎎",
  "fireworks -> emoji:🎆 | 🎈, 🎉",
  "confetti -> emoji:🎊 | 🎗️, 🧧",
  "email -> emoji:📧 | 📮, 🖲️",
  "message -> emoji:💬 | 😓, ❤️‍🔥",
  "call -> emoji:📲 | 💳, 📤",
  "letter -> emoji:💌 | 💋, 🤒",
  "word -> null",
  "question -> emoji:❔ | 🚾, 🔄",
  "soccer ball -> emoji:⚽ | 👨🏻‍🫯‍👨🏽, 🥋",
  "basketball -> emoji:🏀 | 👨🏼‍🫯‍👨🏽, 🤾‍♀️",
  "football -> emoji:🏉 | 👨🏻‍🫯‍👨🏽, 🥋",
  "baseball -> emoji:⚾ | 👨🏽‍🫯‍👨🏾, 🤹‍♀️",
  "volleyball -> emoji:🏐 | 🚴‍♂️, 👩🏽‍🫯‍👩🏾",
  "tennis ball -> null",
  "golf ball -> null",
  "crystal ball -> emoji:🔮 | 🎴, 🧸",
  "rice ball -> emoji:🍙 | 🍯, 🍤",
  "beach ball -> null",
  "cooked rice -> emoji:🍚 | 🍯, 🍤",
  "fried rice -> null",
  "birthday cake -> emoji:🎂 | 🌮, 🍡",
  "moon cake -> emoji:🥮 | 🍣, 🥧",
  "fish cake -> null",
  "police car -> emoji:🚓 | 🚡, 🛑",
  "fire truck -> null",
  "race car -> null",
  "tram car -> emoji:🚋 | ⛽, 🛺",
  "love hotel -> emoji:🏩 | 🧳, 🏚️",
  "red heart -> emoji:❤️ | 💗, 🥵",
  "broken heart -> emoji:💔 | 🥹, 😚",
]
`;
