// Vitest Snapshot v1, https://vitest.dev/guide/snapshot.html

exports[`generateLocalContent snapshot > summarizes words deterministically 1`] = `
[
  "dog -> emoji:🐕 | 🐣, 🦢",
  "cat -> emoji:🐈 | 🐣, 🦢",
  "cow -> emoji:🐄 | 🪳, 🐆",
  "horse -> emoji:🐎 | 🐳, 🦐",
  "lion -> emoji:🦁 | 🐌, 🦣",
  "elephant -> emoji:🐘 | 🐀, 🫍",
  "fish -> emoji:🐟 | 🐃, 🐍",
  "duck -> emoji:🦆 | 🐂, 🦅",
  "rabbit -> emoji:🐇 | 🦁, 🕊️",
  "monkey -> emoji:🐒 | 🐻, 🐉",
  "pig -> emoji:🐖 | 🐓, 🐬",
  "sheep -> null",
  "ram -> emoji:🐏 | 🦣, 🦉",
  "ewe -> emoji:🐑 | 🪼, 🦘",
  "goat -> emoji:🐐 | 🐗, 🐞",
  "chicken -> emoji:🐔 | 🐤, 🐨",
  "rooster -> emoji:🐓 | 🦦, 🐷",
  "bird -> emoji:🐦 | 🪸, 🐷",
  "frog -> emoji:🐸 | 🐥, 🦧",
  "turtle -> emoji:🐢 | 🐸, 🐪",
  "snake -> emoji:🐍 | 🕷️, 🐺",
  "bear -> emoji:🐻 | 🦣, 🐕‍🦺",
  "tiger -> emoji:🐅 | 🪽, 🕷️",
  "zebra -> emoji:🦓 | 🐑, 🦮",
  "giraffe -> emoji:🦒 | 🦄, 🪼",
  "dolphin -> emoji:🐬 | 🦇, 🕊️",
  "shark -> emoji:🦈 | 🐐, 🐍",
  "octopus -> emoji:🐙 | 🪱, 🐿️",
  "butterfly -> emoji:🦋 | 🪳, 🦆",
  "bee -> emoji:🐝 | 🐗, 🪰",
  "ladybug -> emoji:🐞 | 🐑, 🐿️",
  "pizza -> emoji:🍕 | 🍪, 🍫",
  "ice cream -> emoji:🍨 | 🫓, 🧁",
  "cake -> emoji:🥮 | 🧀, 🥫",
  "cookie -> emoji:🍪 | 🍭, 🥨",
  "bread -> emoji:🍞 | 🎂, 🍭",
  "cheese -> emoji:🧀 | 🍲, 🥙",
  "egg -> emoji:🥚 | 🍙, 🧀",
  "hamburger -> emoji:🍔 | 🍖, 🍫",
  "hot dog -> emoji:🌭 | 🍱, 🫕",
  "fries -> emoji:🍟 | 🧆, 🍜",
  "doughnut -> emoji:🍩 | 🍙, 🧀",
  "donut -> emoji:🍩 | 🍙, 🧀",
  "noodle -> emoji:🍜 | 🍝, 🥧",
  "rice -> emoji:🍙 | 🥩, 🍥",
  "soup -> null",
  "salad -> emoji:🥗 | 🥟, 🍘",
  "sandwich -> emoji:🥪 | 🎂, 🍭",
  "milk -> emoji:🥛 | 🍸, 🍹",
  "water -> emoji:🌊 | 🌡️, ⛄",
  "juice -> null",
  "apple -> emoji:🍎 | 🍊, 🍓",
  "banana -> emoji:🍌 | 🍅, 🍏",
  "orange -> color:orange | gray, aqua",
  "grapes -> emoji:🍇 | 🍌, 🍉",
  "watermelon -> emoji:🍉 | 🍋, 🍐",
  "cherry -> emoji:🌸 | 🍀, 💐",
  "strawberry -> emoji:🍓 | 🍐, 🥥",
  "lemon -> emoji:🍋 | 🍒, 🍇",
  "pear -> emoji:🍐 | 🍍, 🍌",
  "peach -> emoji:🍑 | 🫒, 🍋",
  "carrot -> emoji:🥕 | 🌰, 🫜",
  "corn -> emoji:🌽 | 🫛, 🌰",
  "potato -> emoji:🥔 | 🫛, 🧅",
  "tomato -> emoji:🍅 | 🍌, 🍈",
  "broccoli -> emoji:🥦 | 🫛, 🥕",
  "cucumber -> emoji:🥒 | 🥜, 🌽",
  "car -> emoji:🚋 | 🛴, 🚢",
  "bus -> emoji:🚌 | 🚨, 🛹",
  "train -> emoji:🚆 | 🚔, 🏍️",
  "truck -> emoji:🛻 | 🛫, 🚀",
  "plane -> null",
  "boat -> emoji:🛥️ | 🚋, 🛴",
  "bicycle -> emoji:🚲 | 🚒, 🚉",
  "helicopter -> emoji:🚁 | 🛑, 🚍",
  "airplane -> emoji:✈️ | 🚗, 🛹",
  "motorcycle -> emoji:🏍️ | 🚓, 🛻",
  "scooter -> emoji:🛴 | 🚦, 🏍️",
  "tractor -> emoji:🚜 | 🏎️, 🚔",
  "ambulance -> emoji:🚑 | 🛼, 🛞",
  "fire truck -> null",
  "police car -> emoji:🚓 | 🛩️, 🚝",
  "rocket -> emoji:🚀 | 🛑, 🛤️",
  "subway -> emoji:🚇 | 🛫, 🚚",
  "hand -> null",
  "foot -> emoji:🦶 | 🧑‍🌾, 💂‍♂️",
  "eye -> emoji:👁️ | 👩, 🧑‍💻",
  "ear -> emoji:👂 | 🤰, 🧑‍🍳",
  "nose -> emoji:👃 | 👩, 🧑‍💻",
  "mouth -> emoji:👄 | 🧑‍🚀, 🙎‍♂️",
  "tooth -> emoji:🦷 | 🫄, 🧑‍✈️",
  "red -> color:red | gray, aqua",
  "blue -> color:blue | olive, orange",
  "green -> color:green | orange, aqua",
  "yellow -> color:yellow | magenta, purple",
  "orange -> color:orange | gray, aqua",
  "purple -> color:purple | black, maroon",
  "rojo -> color:red | gray, aqua",
  "azul -> color:blue | olive, orange",
  "verde -> color:green | orange, aqua",
  "pink -> color:pink | gray, aqua",
  "brown -> color:brown | navy, green",
  "black -> color:black | blue, gold",
  "white -> color:white | gold, black",
  "gray -> color:gray | blue, gold",
  "circle -> emoji:🔴 | 🟩, 🔹",
  "square -> emoji:🟥 | 🔷, ▫️",
  "triangle -> emoji:🔺 | 🟧, ◾",
  "star -> emoji:⭐ | ⚡, 🌙",
  "heart -> emoji:❤️ | 🤬, 💥",
  "diamond -> emoji:♦️ | 🧩, 🎱",
  "rectangle -> null",
  "oval -> null",
  "hexagon -> null",
  "octagon -> null",
  "happy -> null",
  "sad -> emoji:😥 | 😶, 🤢",
  "angry -> emoji:😠 | 🥳, 🫩",
  "scared -> null",
  "surprised -> null",
  "sleepy -> emoji:😪 | 🥰, 🫨",
  "love -> emoji:🏩 | 🕍, 🎠",
  "excited -> null",
  "worried -> emoji:😟 | 😩, 🗯️",
  "crying -> emoji:😢 | 😴, 😣",
  "smile -> null",
  "smiling face -> null",
  "cry -> null",
  "crying face -> null",
  "loudly crying face -> null",
  "fearful face -> null",
  "worried face -> null",
  "partying face -> null",
  "star-struck -> emoji:🤩 | ❤️‍🩹, ☹️",
  "United States -> emoji:🇺🇸 | 🇲🇩, 🇦🇸",
  "United Kingdom -> emoji:🇬🇧 | 🇯🇪, 🇺🇸",
  "Japan -> emoji:🗾 | 🏠, 🪵",
  "Australia -> emoji:🌏 | 🛕, 🏚️",
  "doctor -> null",
  "health worker -> emoji:🧑‍⚕️ | 👵, 🤳",
  "police officer -> emoji:👮 | 🤳, 🦾",
  "firefighter -> emoji:🧑‍🚒 | 👮‍♀️, 🧏‍♀️",
  "teacher -> emoji:🧑‍🏫 | 🧘‍♂️, 👨‍🎓",
  "pilot -> emoji:🧑‍✈️ | 👀, 👩‍🍼",
  "cook -> emoji:🧑‍🍳 | 👨‍✈️, 👵",
  "balloon -> emoji:🎈 | ✨, 🎆",
  "gift -> emoji:🎁 | 🎗️, 🧨",
  "party -> emoji:🎉 | ✨, 🎆",
  "birthday -> emoji:🎂 | 🧈, 🍙",
  "christmas -> emoji:🎄 | 🎍, 🎟️",
  "halloween -> null",
  "fireworks -> emoji:🎆 | 🎑, 🎗️",
  "snowman -> emoji:☃️ | 🌒, 🌚",
  "rainbow -> emoji:🌈 | ⛄, 🌑",
  "ball -> emoji:🍙 | 🥩, 🍥",
  "book -> emoji:📖 | 📐, 📍",
  "toy -> null",
  "clock -> emoji:⏰ | 🕔, 🕡",
  "key -> emoji:🔑 | 📼, 🧺",
]
`;
